[User] Read the file /home/thanhsmind/Projects/goglbe/beehive/.bee/mailbox/job-1791247044087-1050051-1/brief-1.txt and follow its instructions exactly.
I'll read the brief file first.
[Read] /home/thanhsmind/Projects/goglbe/beehive/.bee/mailbox/job-1791247044087-1050051-1/brief-1.txt
[Thought] I need to: write ack first, then report, then result with status question.

Let me write ack atomically. I need current time.

Note the brief's result contract says status "done" | "blocked", but the Questions section allows "question". Task says end with status question.

Let me do it.
[Shell] cd /home/thanhsmind/Projects/goglbe/beehive/.bee/mailbox/job-1791247044087-1050051-1 && ts=$(date -u +%Y-%m-%dT%H:%M:%SZ) && printf '{\n"nickname": "job-1791247044087-1050051-1",\n"job_id": "job-17...
[Thought] Now write report, then result with status question.
[Shell] cd /home/thanhsmind/Projects/goglbe/beehive/.bee/mailbox/job-1791247044087-1050051-1 && cat > report-1.md.tmp <<'EOF' # Round 1 — live question-round test No file was edited. This round stops at on...
[Shell] cd /home/thanhsmind/Projects/goglbe/beehive/.bee/mailbox/job-1791247044087-1050051-1 && cat > result-1.json.tmp <<'EOF' { "status": "question", "summary": "Round 1 stops for the answer: which word ...
[Thought] Wait, the report file got created but the heredoc... it showed report-1.md in ls. But did the content write? The first command wrote report-1.md.tmp then renamed. Yes fine.

Now verdict.
[Verdict]
Ack, report, and result files are written for round 1. The result file records status `question` with the text "Which word should I report: alpha or beta?". No file was edited.

Waiting for the answer in a later round.
[User] Read the file /home/thanhsmind/Projects/goglbe/beehive/.bee/mailbox/job-1791247044087-1050051-1/brief-2.txt and follow its instructions exactly.
[Read] /home/thanhsmind/Projects/goglbe/beehive/.bee/mailbox/job-1791247044087-1050051-1/brief-2.txt
[Thought] Answer is beta. Write ack-2, report-2, result-2 with done, summary "beta", proof "none — live question-round test — no files", empty files_changed.
[Shell] cd /home/thanhsmind/Projects/goglbe/beehive/.bee/mailbox/job-1791247044087-1050051-1 && ts=$(date -u +%Y-%m-%dT%H:%M:%SZ) && printf '{\n"nickname": "job-1791247044087-1050051-1",\n"job_id": "job-17...
[Shell] cd /home/thanhsmind/Projects/goglbe/beehive/.bee/mailbox/job-1791247044087-1050051-1 && cat > report-2.md.tmp <<'EOF' # Round 2 — live question-round test The answer to round 1 arrived: **beta**. P...
[Shell] cd /home/thanhsmind/Projects/goglbe/beehive/.bee/mailbox/job-1791247044087-1050051-1 && cat > result-2.json.tmp <<'EOF' { "status": "done", "summary": "beta", "files_changed": [], "proof": "none — ...
